Analysis & Synthesis report for FPGA-SoundMixer
Mon Jan  8 11:51:52 2018
Quartus Prime Version 17.1.0 Build 590 10/25/2017 SJ Lite Edition


---------------------
; Table of Contents ;
---------------------
  1. Legal Notice
  2. Analysis & Synthesis Summary
  3. Analysis & Synthesis Settings
  4. Parallel Compilation
  5. Analysis & Synthesis Source Files Read
  6. Analysis & Synthesis Resource Usage Summary
  7. Analysis & Synthesis Resource Utilization by Entity
  8. General Register Statistics
  9. Post-Synthesis Netlist Statistics for Top Partition
 10. Elapsed Time Per Partition
 11. Analysis & Synthesis Messages



----------------
; Legal Notice ;
----------------
Copyright (C) 2017  Intel Corporation. All rights reserved.
Your use of Intel Corporation's design tools, logic functions 
and other software and tools, and its AMPP partner logic 
functions, and any output files from any of the foregoing 
(including device programming or simulation files), and any 
associated documentation or information are expressly subject 
to the terms and conditions of the Intel Program License 
Subscription Agreement, the Intel Quartus Prime License Agreement,
the Intel FPGA IP License Agreement, or other applicable license
agreement, including, without limitation, that your use is for
the sole purpose of programming logic devices manufactured by
Intel and sold by Intel or its authorized distributors.  Please
refer to the applicable agreement for further details.



+-------------------------------------------------------------------------------+
; Analysis & Synthesis Summary                                                  ;
+---------------------------------+---------------------------------------------+
; Analysis & Synthesis Status     ; Successful - Mon Jan  8 11:51:52 2018       ;
; Quartus Prime Version           ; 17.1.0 Build 590 10/25/2017 SJ Lite Edition ;
; Revision Name                   ; FPGA-SoundMixer                             ;
; Top-level Entity Name           ; SoundMixer                                  ;
; Family                          ; Cyclone V                                   ;
; Logic utilization (in ALMs)     ; N/A                                         ;
; Total registers                 ; 0                                           ;
; Total pins                      ; 78                                          ;
; Total virtual pins              ; 0                                           ;
; Total block memory bits         ; 0                                           ;
; Total DSP Blocks                ; 0                                           ;
; Total HSSI RX PCSs              ; 0                                           ;
; Total HSSI PMA RX Deserializers ; 0                                           ;
; Total HSSI TX PCSs              ; 0                                           ;
; Total HSSI PMA TX Serializers   ; 0                                           ;
; Total PLLs                      ; 0                                           ;
; Total DLLs                      ; 0                                           ;
+---------------------------------+---------------------------------------------+


+---------------------------------------------------------------------------------------------------------------------------+
; Analysis & Synthesis Settings                                                                                             ;
+---------------------------------------------------------------------------------+--------------------+--------------------+
; Option                                                                          ; Setting            ; Default Value      ;
+---------------------------------------------------------------------------------+--------------------+--------------------+
; Device                                                                          ; 5CSEMA5F31C6       ;                    ;
; Top-level entity name                                                           ; SoundMixer         ; FPGA-SoundMixer    ;
; Family name                                                                     ; Cyclone V          ; Cyclone V          ;
; Use smart compilation                                                           ; Off                ; Off                ;
; Enable parallel Assembler and TimeQuest Timing Analyzer during compilation      ; On                 ; On                 ;
; Enable compact report table                                                     ; Off                ; Off                ;
; Restructure Multiplexers                                                        ; Auto               ; Auto               ;
; MLAB Add Timing Constraints For Mixed-Port Feed-Through Mode Setting Don't Care ; Off                ; Off                ;
; Create Debugging Nodes for IP Cores                                             ; Off                ; Off                ;
; Preserve fewer node names                                                       ; On                 ; On                 ;
; Intel FPGA IP Evaluation Mode                                                   ; Enable             ; Enable             ;
; Verilog Version                                                                 ; Verilog_2001       ; Verilog_2001       ;
; VHDL Version                                                                    ; VHDL_1993          ; VHDL_1993          ;
; State Machine Processing                                                        ; Auto               ; Auto               ;
; Safe State Machine                                                              ; Off                ; Off                ;
; Extract Verilog State Machines                                                  ; On                 ; On                 ;
; Extract VHDL State Machines                                                     ; On                 ; On                 ;
; Ignore Verilog initial constructs                                               ; Off                ; Off                ;
; Iteration limit for constant Verilog loops                                      ; 5000               ; 5000               ;
; Iteration limit for non-constant Verilog loops                                  ; 250                ; 250                ;
; Add Pass-Through Logic to Inferred RAMs                                         ; On                 ; On                 ;
; Infer RAMs from Raw Logic                                                       ; On                 ; On                 ;
; Parallel Synthesis                                                              ; On                 ; On                 ;
; DSP Block Balancing                                                             ; Auto               ; Auto               ;
; NOT Gate Push-Back                                                              ; On                 ; On                 ;
; Power-Up Don't Care                                                             ; On                 ; On                 ;
; Remove Redundant Logic Cells                                                    ; Off                ; Off                ;
; Remove Duplicate Registers                                                      ; On                 ; On                 ;
; Ignore CARRY Buffers                                                            ; Off                ; Off                ;
; Ignore CASCADE Buffers                                                          ; Off                ; Off                ;
; Ignore GLOBAL Buffers                                                           ; Off                ; Off                ;
; Ignore ROW GLOBAL Buffers                                                       ; Off                ; Off                ;
; Ignore LCELL Buffers                                                            ; Off                ; Off                ;
; Ignore SOFT Buffers                                                             ; On                 ; On                 ;
; Limit AHDL Integers to 32 Bits                                                  ; Off                ; Off                ;
; Optimization Technique                                                          ; Balanced           ; Balanced           ;
; Carry Chain Length                                                              ; 70                 ; 70                 ;
; Auto Carry Chains                                                               ; On                 ; On                 ;
; Auto Open-Drain Pins                                                            ; On                 ; On                 ;
; Perform WYSIWYG Primitive Resynthesis                                           ; Off                ; Off                ;
; Auto ROM Replacement                                                            ; On                 ; On                 ;
; Auto RAM Replacement                                                            ; On                 ; On                 ;
; Auto DSP Block Replacement                                                      ; On                 ; On                 ;
; Auto Shift Register Replacement                                                 ; Auto               ; Auto               ;
; Allow Shift Register Merging across Hierarchies                                 ; Auto               ; Auto               ;
; Auto Clock Enable Replacement                                                   ; On                 ; On                 ;
; Strict RAM Replacement                                                          ; Off                ; Off                ;
; Allow Synchronous Control Signals                                               ; On                 ; On                 ;
; Force Use of Synchronous Clear Signals                                          ; Off                ; Off                ;
; Auto Resource Sharing                                                           ; Off                ; Off                ;
; Allow Any RAM Size For Recognition                                              ; Off                ; Off                ;
; Allow Any ROM Size For Recognition                                              ; Off                ; Off                ;
; Allow Any Shift Register Size For Recognition                                   ; Off                ; Off                ;
; Use LogicLock Constraints during Resource Balancing                             ; On                 ; On                 ;
; Ignore translate_off and synthesis_off directives                               ; Off                ; Off                ;
; Timing-Driven Synthesis                                                         ; On                 ; On                 ;
; Report Parameter Settings                                                       ; On                 ; On                 ;
; Report Source Assignments                                                       ; On                 ; On                 ;
; Report Connectivity Checks                                                      ; On                 ; On                 ;
; Ignore Maximum Fan-Out Assignments                                              ; Off                ; Off                ;
; Synchronization Register Chain Length                                           ; 3                  ; 3                  ;
; Power Optimization During Synthesis                                             ; Normal compilation ; Normal compilation ;
; HDL message level                                                               ; Level2             ; Level2             ;
; Suppress Register Optimization Related Messages                                 ; Off                ; Off                ;
; Number of Removed Registers Reported in Synthesis Report                        ; 5000               ; 5000               ;
; Number of Swept Nodes Reported in Synthesis Report                              ; 5000               ; 5000               ;
; Number of Inverted Registers Reported in Synthesis Report                       ; 100                ; 100                ;
; Clock MUX Protection                                                            ; On                 ; On                 ;
; Auto Gated Clock Conversion                                                     ; Off                ; Off                ;
; Block Design Naming                                                             ; Auto               ; Auto               ;
; SDC constraint protection                                                       ; Off                ; Off                ;
; Synthesis Effort                                                                ; Auto               ; Auto               ;
; Shift Register Replacement - Allow Asynchronous Clear Signal                    ; On                 ; On                 ;
; Pre-Mapping Resynthesis Optimization                                            ; Off                ; Off                ;
; Analysis & Synthesis Message Level                                              ; Medium             ; Medium             ;
; Disable Register Merging Across Hierarchies                                     ; Auto               ; Auto               ;
; Resource Aware Inference For Block RAM                                          ; On                 ; On                 ;
; Automatic Parallel Synthesis                                                    ; On                 ; On                 ;
; Partial Reconfiguration Bitstream ID                                            ; Off                ; Off                ;
+---------------------------------------------------------------------------------+--------------------+--------------------+


+------------------------------------------+
; Parallel Compilation                     ;
+----------------------------+-------------+
; Processors                 ; Number      ;
+----------------------------+-------------+
; Number detected on machine ; 4           ;
; Maximum allowed            ; 2           ;
;                            ;             ;
; Average used               ; 1.00        ;
; Maximum used               ; 1           ;
;                            ;             ;
; Usage by Processor         ; % Time Used ;
;     Processor 1            ; 100.0%      ;
+----------------------------+-------------+


+-----------------------------------------------------------------------------------------------------------------------------------------+
; Analysis & Synthesis Source Files Read                                                                                                  ;
+----------------------------------+-----------------+------------------------+-------------------------------------------------+---------+
; File Name with User-Entered Path ; Used in Netlist ; File Type              ; File Name with Absolute Path                    ; Library ;
+----------------------------------+-----------------+------------------------+-------------------------------------------------+---------+
; SoundMixer.v                     ; yes             ; User Verilog HDL File  ; /home/i272655/Dokumenty/SoundMixer/SoundMixer.v ;         ;
+----------------------------------+-----------------+------------------------+-------------------------------------------------+---------+


+------------------------------------------------------------------+
; Analysis & Synthesis Resource Usage Summary                      ;
+---------------------------------------------+--------------------+
; Resource                                    ; Usage              ;
+---------------------------------------------+--------------------+
; Estimate of Logic utilization (ALMs needed) ; 0                  ;
;                                             ;                    ;
; Combinational ALUT usage for logic          ; 0                  ;
;     -- 7 input functions                    ; 0                  ;
;     -- 6 input functions                    ; 0                  ;
;     -- 5 input functions                    ; 0                  ;
;     -- 4 input functions                    ; 0                  ;
;     -- <=3 input functions                  ; 0                  ;
;                                             ;                    ;
; Dedicated logic registers                   ; 0                  ;
;                                             ;                    ;
; I/O pins                                    ; 78                 ;
;                                             ;                    ;
; Total DSP Blocks                            ; 0                  ;
;                                             ;                    ;
; Maximum fan-out node                        ; AUD_ADCLRCK~output ;
; Maximum fan-out                             ; 1                  ;
; Total fan-out                               ; 82                 ;
; Average fan-out                             ; 0.51               ;
+---------------------------------------------+--------------------+


+----------------------------------------------------------------------------------------------------------------------------------------------------------------------------------------+
; Analysis & Synthesis Resource Utilization by Entity                                                                                                                                    ;
+----------------------------+---------------------+---------------------------+-------------------+------------+------+--------------+---------------------+-------------+--------------+
; Compilation Hierarchy Node ; Combinational ALUTs ; Dedicated Logic Registers ; Block Memory Bits ; DSP Blocks ; Pins ; Virtual Pins ; Full Hierarchy Name ; Entity Name ; Library Name ;
+----------------------------+---------------------+---------------------------+-------------------+------------+------+--------------+---------------------+-------------+--------------+
; |SoundMixer                ; 0 (0)               ; 0 (0)                     ; 0                 ; 0          ; 78   ; 0            ; |SoundMixer         ; SoundMixer  ; work         ;
+----------------------------+---------------------+---------------------------+-------------------+------------+------+--------------+---------------------+-------------+--------------+
Note: For table entries with two numbers listed, the numbers in parentheses indicate the number of resources of the given type used by the specific entity alone. The numbers listed outside of parentheses indicate the total resources of the given type used by the specific entity and all of its sub-entities in the hierarchy.


+------------------------------------------------------+
; General Register Statistics                          ;
+----------------------------------------------+-------+
; Statistic                                    ; Value ;
+----------------------------------------------+-------+
; Total registers                              ; 0     ;
; Number of registers using Synchronous Clear  ; 0     ;
; Number of registers using Synchronous Load   ; 0     ;
; Number of registers using Asynchronous Clear ; 0     ;
; Number of registers using Asynchronous Load  ; 0     ;
; Number of registers using Clock Enable       ; 0     ;
; Number of registers using Preset             ; 0     ;
+----------------------------------------------+-------+


+-----------------------------------------------------+
; Post-Synthesis Netlist Statistics for Top Partition ;
+-----------------------+-----------------------------+
; Type                  ; Count                       ;
+-----------------------+-----------------------------+
; arriav_io_obuf        ; 4                           ;
; arriav_lcell_comb     ; 1                           ;
;     normal            ; 1                           ;
;         0 data inputs ; 1                           ;
; boundary_port         ; 78                          ;
;                       ;                             ;
; Max LUT depth         ; 0.00                        ;
; Average LUT depth     ; 0.00                        ;
+-----------------------+-----------------------------+


+-------------------------------+
; Elapsed Time Per Partition    ;
+----------------+--------------+
; Partition Name ; Elapsed Time ;
+----------------+--------------+
; Top            ; 00:00:00     ;
+----------------+--------------+


+-------------------------------+
; Analysis & Synthesis Messages ;
+-------------------------------+
Info: *******************************************************************
Info: Running Quartus Prime Analysis & Synthesis
    Info: Version 17.1.0 Build 590 10/25/2017 SJ Lite Edition
    Info: Processing started: Mon Jan  8 11:51:17 2018
Info: Command: quartus_map --read_settings_files=on --write_settings_files=off FPGA-SoundMixer -c FPGA-SoundMixer
Warning (18236): Number of processors has not been specified which may cause overloading on shared machines.  Set the global assignment NUM_PARALLEL_PROCESSORS in your QSF to an appropriate value for best performance.
Info (20030): Parallel compilation is enabled and will use 2 of the 2 processors detected
Info (12248): Elaborating Platform Designer system entity "mixer.qsys"
Info (12250): 2018.01.08.11:51:37 Progress: Loading SoundMixer/mixer.qsys
Info (12250): 2018.01.08.11:51:37 Progress: Reading input file
Info (12250): 2018.01.08.11:51:37 Progress: Adding audio_0 [altera_up_avalon_audio 17.1]
Info (12250): 2018.01.08.11:51:39 Progress: Parameterizing module audio_0
Info (12250): 2018.01.08.11:51:39 Progress: Adding audio_amplifier_0 [audio_amplifier 1.0]
Info (12250): 2018.01.08.11:51:39 Progress: Parameterizing module audio_amplifier_0
Info (12250): 2018.01.08.11:51:39 Progress: Adding audio_and_video_config_0 [altera_up_avalon_audio_and_video_config 17.1]
Info (12250): 2018.01.08.11:51:40 Progress: Parameterizing module audio_and_video_config_0
Info (12250): 2018.01.08.11:51:40 Progress: Adding audio_pll_0 [altera_up_avalon_audio_pll 17.1]
Info (12250): 2018.01.08.11:51:40 Progress: Parameterizing module audio_pll_0
Info (12250): 2018.01.08.11:51:40 Progress: Adding clk_0 [clock_source 17.1]
Info (12250): 2018.01.08.11:51:41 Progress: Parameterizing module clk_0
Info (12250): 2018.01.08.11:51:41 Progress: Adding master_0 [altera_jtag_avalon_master 17.1]
Info (12250): 2018.01.08.11:51:41 Progress: Parameterizing module master_0
Info (12250): 2018.01.08.11:51:41 Progress: Building connections
Info (12250): 2018.01.08.11:51:41 Progress: Parameterizing connections
Info (12250): 2018.01.08.11:51:41 Progress: Validating
Info (12250): 2018.01.08.11:51:44 Progress: Done reading input file
Info (12250): Mixer: Generating mixer "mixer" for QUARTUS_SYNTH
Info (12250): Interconnect is inserted between master master_0.master and slave audio_and_video_config_0.avalon_av_config_slave because the master has address signal 32 bit wide, but the slave is 2 bit wide.
Info (12250): Interconnect is inserted between master master_0.master and slave audio_and_video_config_0.avalon_av_config_slave because the master has readdatavalid signal 1 bit wide, but the slave is 0 bit wide.
Info (12250): Audio_0: Starting Generation of Audio Controller
Info (12250): Audio_0: "mixer" instantiated altera_up_avalon_audio "audio_0"
Info (12250): Audio_amplifier_0: "mixer" instantiated audio_amplifier "audio_amplifier_0"
Info (12250): Audio_and_video_config_0: Starting Generation of Audio and Video Config
Info (12250): Audio_and_video_config_0: "mixer" instantiated altera_up_avalon_audio_and_video_config "audio_and_video_config_0"
Info (12250): Audio_pll_0: "mixer" instantiated altera_up_avalon_audio_pll "audio_pll_0"
Info (12250): Master_0: "mixer" instantiated altera_jtag_avalon_master "master_0"
Info (12250): Mm_interconnect_0: "mixer" instantiated altera_mm_interconnect "mm_interconnect_0"
Info (12250): Rst_controller: "mixer" instantiated altera_reset_controller "rst_controller"
Info (12250): Audio_pll: "audio_pll_0" instantiated altera_pll "audio_pll"
Info (12250): Reset_from_locked: "audio_pll_0" instantiated altera_up_avalon_reset_from_locked_signal "reset_from_locked"
Info (12250): Jtag_phy_embedded_in_jtag_master: "master_0" instantiated altera_jtag_dc_streaming "jtag_phy_embedded_in_jtag_master"
Info (12250): Timing_adt: "master_0" instantiated timing_adapter "timing_adt"
Info (12250): Fifo: "master_0" instantiated altera_avalon_sc_fifo "fifo"
Info (12250): B2p: "master_0" instantiated altera_avalon_st_bytes_to_packets "b2p"
Info (12250): P2b: "master_0" instantiated altera_avalon_st_packets_to_bytes "p2b"
Info (12250): Transacto: "master_0" instantiated altera_avalon_packets_to_master "transacto"
Info (12250): B2p_adapter: "master_0" instantiated channel_adapter "b2p_adapter"
Info (12250): P2b_adapter: "master_0" instantiated channel_adapter "p2b_adapter"
Info (12250): Master_0_master_translator: "mm_interconnect_0" instantiated altera_merlin_master_translator "master_0_master_translator"
Info (12250): Audio_and_video_config_0_avalon_av_config_slave_translator: "mm_interconnect_0" instantiated altera_merlin_slave_translator "audio_and_video_config_0_avalon_av_config_slave_translator"
Info (12250): Mixer: Done "mixer" with 20 modules, 56 files
Info (12249): Finished elaborating Platform Designer system entity "mixer.qsys"
Info (12021): Found 1 design units, including 1 entities, in source file gain_key.v
    Info (12023): Found entity 1: gain_key File: /home/i272655/Dokumenty/SoundMixer/gain_key.v Line: 1
Info (12021): Found 1 design units, including 1 entities, in source file audio_amplifier.v
    Info (12023): Found entity 1: audio_amplifier File: /home/i272655/Dokumenty/SoundMixer/audio_amplifier.v Line: 12
Info (12021): Found 1 design units, including 1 entities, in source file gain_hex.v
    Info (12023): Found entity 1: gain_hex File: /home/i272655/Dokumenty/SoundMixer/gain_hex.v Line: 1
Info (12021): Found 1 design units, including 1 entities, in source file amplifier.v
    Info (12023): Found entity 1: amplifier File: /home/i272655/Dokumenty/SoundMixer/amplifier.v Line: 1
Info (12021): Found 1 design units, including 1 entities, in source file get_gain.v
    Info (12023): Found entity 1: get_gain File: /home/i272655/Dokumenty/SoundMixer/get_gain.v Line: 1
Info (12021): Found 1 design units, including 1 entities, in source file SoundMixer.v
    Info (12023): Found entity 1: SoundMixer File: /home/i272655/Dokumenty/SoundMixer/SoundMixer.v Line: 5
Info (12021): Found 1 design units, including 1 entities, in source file db/ip/mixer/mixer.v
    Info (12023): Found entity 1: mixer File: /home/i272655/Dokumenty/SoundMixer/db/ip/mixer/mixer.v Line: 6
Info (12021): Found 7 design units, including 7 entities, in source file db/ip/mixer/submodules/altera_avalon_packets_to_master.v
    Info (12023): Found entity 1: altera_avalon_packets_to_master File: /home/i272655/Dokumenty/SoundMixer/db/ip/mixer/submodules/altera_avalon_packets_to_master.v Line: 22
    Info (12023): Found entity 2: packets_to_fifo File: /home/i272655/Dokumenty/SoundMixer/db/ip/mixer/submodules/altera_avalon_packets_to_master.v Line: 142
    Info (12023): Found entity 3: fifo_buffer_single_clock_fifo File: /home/i272655/Dokumenty/SoundMixer/db/ip/mixer/submodules/altera_avalon_packets_to_master.v Line: 512
    Info (12023): Found entity 4: fifo_buffer_scfifo_with_controls File: /home/i272655/Dokumenty/SoundMixer/db/ip/mixer/submodules/altera_avalon_packets_to_master.v Line: 573
    Info (12023): Found entity 5: fifo_buffer File: /home/i272655/Dokumenty/SoundMixer/db/ip/mixer/submodules/altera_avalon_packets_to_master.v Line: 627
    Info (12023): Found entity 6: fifo_to_packet File: /home/i272655/Dokumenty/SoundMixer/db/ip/mixer/submodules/altera_avalon_packets_to_master.v Line: 697
    Info (12023): Found entity 7: packets_to_master File: /home/i272655/Dokumenty/SoundMixer/db/ip/mixer/submodules/altera_avalon_packets_to_master.v Line: 851
Info (12021): Found 1 design units, including 1 entities, in source file db/ip/mixer/submodules/altera_avalon_sc_fifo.v
    Info (12023): Found entity 1: altera_avalon_sc_fifo File: /home/i272655/Dokumenty/SoundMixer/db/ip/mixer/submodules/altera_avalon_sc_fifo.v Line: 21
Info (12021): Found 1 design units, including 1 entities, in source file db/ip/mixer/submodules/altera_avalon_st_bytes_to_packets.v
    Info (12023): Found entity 1: altera_avalon_st_bytes_to_packets File: /home/i272655/Dokumenty/SoundMixer/db/ip/mixer/submodules/altera_avalon_st_bytes_to_packets.v Line: 19
Info (12021): Found 1 design units, including 1 entities, in source file db/ip/mixer/submodules/altera_avalon_st_clock_crosser.v
    Info (12023): Found entity 1: altera_avalon_st_clock_crosser File: /home/i272655/Dokumenty/SoundMixer/db/ip/mixer/submodules/altera_avalon_st_clock_crosser.v Line: 22
Info (12021): Found 1 design units, including 1 entities, in source file db/ip/mixer/submodules/altera_avalon_st_idle_inserter.v
    Info (12023): Found entity 1: altera_avalon_st_idle_inserter File: /home/i272655/Dokumenty/SoundMixer/db/ip/mixer/submodules/altera_avalon_st_idle_inserter.v Line: 19
Info (12021): Found 1 design units, including 1 entities, in source file db/ip/mixer/submodules/altera_avalon_st_idle_remover.v
    Info (12023): Found entity 1: altera_avalon_st_idle_remover File: /home/i272655/Dokumenty/SoundMixer/db/ip/mixer/submodules/altera_avalon_st_idle_remover.v Line: 19
Info (12021): Found 1 design units, including 1 entities, in source file db/ip/mixer/submodules/altera_avalon_st_jtag_interface.v
    Info (12023): Found entity 1: altera_avalon_st_jtag_interface File: /home/i272655/Dokumenty/SoundMixer/db/ip/mixer/submodules/altera_avalon_st_jtag_interface.v Line: 20
Info (12021): Found 1 design units, including 1 entities, in source file db/ip/mixer/submodules/altera_avalon_st_packets_to_bytes.v
    Info (12023): Found entity 1: altera_avalon_st_packets_to_bytes File: /home/i272655/Dokumenty/SoundMixer/db/ip/mixer/submodules/altera_avalon_st_packets_to_bytes.v Line: 19
Info (12021): Found 1 design units, including 1 entities, in source file db/ip/mixer/submodules/altera_avalon_st_pipeline_base.v
    Info (12023): Found entity 1: altera_avalon_st_pipeline_base File: /home/i272655/Dokumenty/SoundMixer/db/ip/mixer/submodules/altera_avalon_st_pipeline_base.v Line: 22
Info (12021): Found 1 design units, including 1 entities, in source file db/ip/mixer/submodules/altera_avalon_st_pipeline_stage.sv
    Info (12023): Found entity 1: altera_avalon_st_pipeline_stage File: /home/i272655/Dokumenty/SoundMixer/db/ip/mixer/submodules/altera_avalon_st_pipeline_stage.sv Line: 22
Info (12021): Found 3 design units, including 3 entities, in source file db/ip/mixer/submodules/altera_jtag_dc_streaming.v
    Info (12023): Found entity 1: altera_jtag_control_signal_crosser File: /home/i272655/Dokumenty/SoundMixer/db/ip/mixer/submodules/altera_jtag_dc_streaming.v Line: 30
    Info (12023): Found entity 2: altera_jtag_src_crosser File: /home/i272655/Dokumenty/SoundMixer/db/ip/mixer/submodules/altera_jtag_dc_streaming.v Line: 72
    Info (12023): Found entity 3: altera_jtag_dc_streaming File: /home/i272655/Dokumenty/SoundMixer/db/ip/mixer/submodules/altera_jtag_dc_streaming.v Line: 135
Info (12021): Found 1 design units, including 1 entities, in source file db/ip/mixer/submodules/altera_jtag_sld_node.v
    Info (12023): Found entity 1: altera_jtag_sld_node File: /home/i272655/Dokumenty/SoundMixer/db/ip/mixer/submodules/altera_jtag_sld_node.v Line: 17
Info (12021): Found 1 design units, including 1 entities, in source file db/ip/mixer/submodules/altera_jtag_streaming.v
    Info (12023): Found entity 1: altera_jtag_streaming File: /home/i272655/Dokumenty/SoundMixer/db/ip/mixer/submodules/altera_jtag_streaming.v Line: 18
Info (12021): Found 1 design units, including 1 entities, in source file db/ip/mixer/submodules/altera_merlin_master_translator.sv
    Info (12023): Found entity 1: altera_merlin_master_translator File: /home/i272655/Dokumenty/SoundMixer/db/ip/mixer/submodules/altera_merlin_master_translator.sv Line: 32
Info (12021): Found 1 design units, including 1 entities, in source file db/ip/mixer/submodules/altera_merlin_slave_translator.sv
    Info (12023): Found entity 1: altera_merlin_slave_translator File: /home/i272655/Dokumenty/SoundMixer/db/ip/mixer/submodules/altera_merlin_slave_translator.sv Line: 35
Info (12021): Found 1 design units, including 1 entities, in source file db/ip/mixer/submodules/altera_reset_controller.v
    Info (12023): Found entity 1: altera_reset_controller File: /home/i272655/Dokumenty/SoundMixer/db/ip/mixer/submodules/altera_reset_controller.v Line: 42
Info (12021): Found 1 design units, including 1 entities, in source file db/ip/mixer/submodules/altera_reset_synchronizer.v
    Info (12023): Found entity 1: altera_reset_synchronizer File: /home/i272655/Dokumenty/SoundMixer/db/ip/mixer/submodules/altera_reset_synchronizer.v Line: 24
Info (12021): Found 1 design units, including 1 entities, in source file db/ip/mixer/submodules/altera_std_synchronizer_nocut.v
    Info (12023): Found entity 1: altera_std_synchronizer_nocut File: /home/i272655/Dokumenty/SoundMixer/db/ip/mixer/submodules/altera_std_synchronizer_nocut.v Line: 44
Info (12021): Found 1 design units, including 1 entities, in source file db/ip/mixer/submodules/altera_up_audio_bit_counter.v
    Info (12023): Found entity 1: altera_up_audio_bit_counter File: /home/i272655/Dokumenty/SoundMixer/db/ip/mixer/submodules/altera_up_audio_bit_counter.v Line: 30
Info (12021): Found 1 design units, including 1 entities, in source file db/ip/mixer/submodules/altera_up_audio_in_deserializer.v
    Info (12023): Found entity 1: altera_up_audio_in_deserializer File: /home/i272655/Dokumenty/SoundMixer/db/ip/mixer/submodules/altera_up_audio_in_deserializer.v Line: 28
Info (12021): Found 1 design units, including 1 entities, in source file db/ip/mixer/submodules/altera_up_audio_out_serializer.v
    Info (12023): Found entity 1: altera_up_audio_out_serializer File: /home/i272655/Dokumenty/SoundMixer/db/ip/mixer/submodules/altera_up_audio_out_serializer.v Line: 28
Warning (10238): Verilog Module Declaration warning at altera_up_av_config_auto_init.v(51): ignored anonymous port(s) indicated by duplicate or dangling comma(s) in the port list for module "altera_up_av_config_auto_init" File: /home/i272655/Dokumenty/SoundMixer/db/ip/mixer/submodules/altera_up_av_config_auto_init.v Line: 51
Info (12021): Found 1 design units, including 1 entities, in source file db/ip/mixer/submodules/altera_up_av_config_auto_init.v
    Info (12023): Found entity 1: altera_up_av_config_auto_init File: /home/i272655/Dokumenty/SoundMixer/db/ip/mixer/submodules/altera_up_av_config_auto_init.v Line: 29
Info (12021): Found 1 design units, including 1 entities, in source file db/ip/mixer/submodules/altera_up_av_config_auto_init_d5m.v
    Info (12023): Found entity 1: altera_up_av_config_auto_init_d5m File: /home/i272655/Dokumenty/SoundMixer/db/ip/mixer/submodules/altera_up_av_config_auto_init_d5m.v Line: 28
Info (12021): Found 1 design units, including 1 entities, in source file db/ip/mixer/submodules/altera_up_av_config_auto_init_dc2.v
    Info (12023): Found entity 1: altera_up_av_config_auto_init_dc2 File: /home/i272655/Dokumenty/SoundMixer/db/ip/mixer/submodules/altera_up_av_config_auto_init_dc2.v Line: 28
Info (12021): Found 1 design units, including 1 entities, in source file db/ip/mixer/submodules/altera_up_av_config_auto_init_lcm.v
    Info (12023): Found entity 1: altera_up_av_config_auto_init_lcm File: /home/i272655/Dokumenty/SoundMixer/db/ip/mixer/submodules/altera_up_av_config_auto_init_lcm.v Line: 28
Info (12021): Found 1 design units, including 1 entities, in source file db/ip/mixer/submodules/altera_up_av_config_auto_init_ltm.v
    Info (12023): Found entity 1: altera_up_av_config_auto_init_ltm File: /home/i272655/Dokumenty/SoundMixer/db/ip/mixer/submodules/altera_up_av_config_auto_init_ltm.v Line: 28
Info (12021): Found 1 design units, including 1 entities, in source file db/ip/mixer/submodules/altera_up_av_config_auto_init_ob_adv7180.v
    Info (12023): Found entity 1: altera_up_av_config_auto_init_ob_adv7180 File: /home/i272655/Dokumenty/SoundMixer/db/ip/mixer/submodules/altera_up_av_config_auto_init_ob_adv7180.v Line: 28
Info (12021): Found 1 design units, including 1 entities, in source file db/ip/mixer/submodules/altera_up_av_config_auto_init_ob_adv7181.v
    Info (12023): Found entity 1: altera_up_av_config_auto_init_ob_adv7181 File: /home/i272655/Dokumenty/SoundMixer/db/ip/mixer/submodules/altera_up_av_config_auto_init_ob_adv7181.v Line: 28
Info (12021): Found 1 design units, including 1 entities, in source file db/ip/mixer/submodules/altera_up_av_config_auto_init_ob_audio.v
    Info (12023): Found entity 1: altera_up_av_config_auto_init_ob_audio File: /home/i272655/Dokumenty/SoundMixer/db/ip/mixer/submodules/altera_up_av_config_auto_init_ob_audio.v Line: 28
Info (12021): Found 1 design units, including 1 entities, in source file db/ip/mixer/submodules/altera_up_av_config_auto_init_ob_de10_standard.v
    Info (12023): Found entity 1: altera_up_av_config_auto_init_ob_de10_standard File: /home/i272655/Dokumenty/SoundMixer/db/ip/mixer/submodules/altera_up_av_config_auto_init_ob_de10_standard.v Line: 29
Info (12021): Found 1 design units, including 1 entities, in source file db/ip/mixer/submodules/altera_up_av_config_auto_init_ob_de1_soc.v
    Info (12023): Found entity 1: altera_up_av_config_auto_init_ob_de1_soc File: /home/i272655/Dokumenty/SoundMixer/db/ip/mixer/submodules/altera_up_av_config_auto_init_ob_de1_soc.v Line: 29
Info (12021): Found 1 design units, including 1 entities, in source file db/ip/mixer/submodules/altera_up_av_config_auto_init_ob_de2_115.v
    Info (12023): Found entity 1: altera_up_av_config_auto_init_ob_de2_115 File: /home/i272655/Dokumenty/SoundMixer/db/ip/mixer/submodules/altera_up_av_config_auto_init_ob_de2_115.v Line: 29
Info (12021): Found 1 design units, including 1 entities, in source file db/ip/mixer/submodules/altera_up_av_config_auto_init_ob_de2i_150.v
    Info (12023): Found entity 1: altera_up_av_config_auto_init_ob_de2i_150 File: /home/i272655/Dokumenty/SoundMixer/db/ip/mixer/submodules/altera_up_av_config_auto_init_ob_de2i_150.v Line: 29
Info (12021): Found 1 design units, including 1 entities, in source file db/ip/mixer/submodules/altera_up_av_config_serial_bus_controller.v
    Info (12023): Found entity 1: altera_up_av_config_serial_bus_controller File: /home/i272655/Dokumenty/SoundMixer/db/ip/mixer/submodules/altera_up_av_config_serial_bus_controller.v Line: 29
Info (12021): Found 1 design units, including 1 entities, in source file db/ip/mixer/submodules/altera_up_avalon_reset_from_locked_signal.v
    Info (12023): Found entity 1: altera_up_avalon_reset_from_locked_signal File: /home/i272655/Dokumenty/SoundMixer/db/ip/mixer/submodules/altera_up_avalon_reset_from_locked_signal.v Line: 28
Info (12021): Found 1 design units, including 1 entities, in source file db/ip/mixer/submodules/altera_up_clock_edge.v
    Info (12023): Found entity 1: altera_up_clock_edge File: /home/i272655/Dokumenty/SoundMixer/db/ip/mixer/submodules/altera_up_clock_edge.v Line: 29
Info (12021): Found 1 design units, including 1 entities, in source file db/ip/mixer/submodules/altera_up_slow_clock_generator.v
    Info (12023): Found entity 1: altera_up_slow_clock_generator File: /home/i272655/Dokumenty/SoundMixer/db/ip/mixer/submodules/altera_up_slow_clock_generator.v Line: 34
Warning (10275): Verilog HDL Module Instantiation warning at altera_up_sync_fifo.v(138): ignored dangling comma in List of Port Connections File: /home/i272655/Dokumenty/SoundMixer/db/ip/mixer/submodules/altera_up_sync_fifo.v Line: 138
Info (12021): Found 1 design units, including 1 entities, in source file db/ip/mixer/submodules/altera_up_sync_fifo.v
    Info (12023): Found entity 1: altera_up_sync_fifo File: /home/i272655/Dokumenty/SoundMixer/db/ip/mixer/submodules/altera_up_sync_fifo.v Line: 28
Info (12021): Found 1 design units, including 1 entities, in source file db/ip/mixer/submodules/amplifier.v
    Info (12023): Found entity 1: amplifier File: /home/i272655/Dokumenty/SoundMixer/db/ip/mixer/submodules/amplifier.v Line: 1
Info (12021): Found 1 design units, including 1 entities, in source file db/ip/mixer/submodules/audio_amplifier.v
    Info (12023): Found entity 1: audio_amplifier File: /home/i272655/Dokumenty/SoundMixer/db/ip/mixer/submodules/audio_amplifier.v Line: 12
Info (12021): Found 1 design units, including 1 entities, in source file db/ip/mixer/submodules/gain_hex.v
    Info (12023): Found entity 1: gain_hex File: /home/i272655/Dokumenty/SoundMixer/db/ip/mixer/submodules/gain_hex.v Line: 1
Info (12021): Found 1 design units, including 1 entities, in source file db/ip/mixer/submodules/gain_key.v
    Info (12023): Found entity 1: gain_key File: /home/i272655/Dokumenty/SoundMixer/db/ip/mixer/submodules/gain_key.v Line: 1
Info (12021): Found 1 design units, including 1 entities, in source file db/ip/mixer/submodules/get_gain.v
    Info (12023): Found entity 1: get_gain File: /home/i272655/Dokumenty/SoundMixer/db/ip/mixer/submodules/get_gain.v Line: 1
Info (12021): Found 1 design units, including 1 entities, in source file db/ip/mixer/submodules/mixer_audio_0.v
    Info (12023): Found entity 1: mixer_audio_0 File: /home/i272655/Dokumenty/SoundMixer/db/ip/mixer/submodules/mixer_audio_0.v Line: 30
Info (12021): Found 1 design units, including 1 entities, in source file db/ip/mixer/submodules/mixer_audio_and_video_config_0.v
    Info (12023): Found entity 1: mixer_audio_and_video_config_0 File: /home/i272655/Dokumenty/SoundMixer/db/ip/mixer/submodules/mixer_audio_and_video_config_0.v Line: 35
Info (12021): Found 1 design units, including 1 entities, in source file db/ip/mixer/submodules/mixer_audio_pll_0.v
    Info (12023): Found entity 1: mixer_audio_pll_0 File: /home/i272655/Dokumenty/SoundMixer/db/ip/mixer/submodules/mixer_audio_pll_0.v Line: 9
Info (12021): Found 1 design units, including 1 entities, in source file db/ip/mixer/submodules/mixer_audio_pll_0_audio_pll.v
    Info (12023): Found entity 1: mixer_audio_pll_0_audio_pll File: /home/i272655/Dokumenty/SoundMixer/db/ip/mixer/submodules/mixer_audio_pll_0_audio_pll.v Line: 2
Info (12021): Found 1 design units, including 1 entities, in source file db/ip/mixer/submodules/mixer_master_0.v
    Info (12023): Found entity 1: mixer_master_0 File: /home/i272655/Dokumenty/SoundMixer/db/ip/mixer/submodules/mixer_master_0.v Line: 9
Info (12021): Found 1 design units, including 1 entities, in source file db/ip/mixer/submodules/mixer_master_0_b2p_adapter.sv
    Info (12023): Found entity 1: mixer_master_0_b2p_adapter File: /home/i272655/Dokumenty/SoundMixer/db/ip/mixer/submodules/mixer_master_0_b2p_adapter.sv Line: 55
Info (12021): Found 1 design units, including 1 entities, in source file db/ip/mixer/submodules/mixer_master_0_p2b_adapter.sv
    Info (12023): Found entity 1: mixer_master_0_p2b_adapter File: /home/i272655/Dokumenty/SoundMixer/db/ip/mixer/submodules/mixer_master_0_p2b_adapter.sv Line: 55
Info (12021): Found 1 design units, including 1 entities, in source file db/ip/mixer/submodules/mixer_master_0_timing_adt.sv
    Info (12023): Found entity 1: mixer_master_0_timing_adt File: /home/i272655/Dokumenty/SoundMixer/db/ip/mixer/submodules/mixer_master_0_timing_adt.sv Line: 60
Info (12021): Found 1 design units, including 1 entities, in source file db/ip/mixer/submodules/mixer_mm_interconnect_0.v
    Info (12023): Found entity 1: mixer_mm_interconnect_0 File: /home/i272655/Dokumenty/SoundMixer/db/ip/mixer/submodules/mixer_mm_interconnect_0.v Line: 9
Info (12127): Elaborating entity "SoundMixer" for the top level hierarchy
Warning (10034): Output port "HEX0" at SoundMixer.v(25) has no driver File: /home/i272655/Dokumenty/SoundMixer/SoundMixer.v Line: 25
Warning (10034): Output port "HEX1" at SoundMixer.v(26) has no driver File: /home/i272655/Dokumenty/SoundMixer/SoundMixer.v Line: 26
Warning (10034): Output port "HEX2" at SoundMixer.v(27) has no driver File: /home/i272655/Dokumenty/SoundMixer/SoundMixer.v Line: 27
Warning (10034): Output port "HEX3" at SoundMixer.v(28) has no driver File: /home/i272655/Dokumenty/SoundMixer/SoundMixer.v Line: 28
Warning (10034): Output port "HEX4" at SoundMixer.v(29) has no driver File: /home/i272655/Dokumenty/SoundMixer/SoundMixer.v Line: 29
Warning (10034): Output port "HEX5" at SoundMixer.v(30) has no driver File: /home/i272655/Dokumenty/SoundMixer/SoundMixer.v Line: 30
Warning (10034): Output port "LEDR" at SoundMixer.v(36) has no driver File: /home/i272655/Dokumenty/SoundMixer/SoundMixer.v Line: 36
Warning (10034): Output port "AUD_DACDAT" at SoundMixer.v(10) has no driver File: /home/i272655/Dokumenty/SoundMixer/SoundMixer.v Line: 10
Warning (10034): Output port "AUD_XCK" at SoundMixer.v(12) has no driver File: /home/i272655/Dokumenty/SoundMixer/SoundMixer.v Line: 12
Warning (10034): Output port "FPGA_I2C_SCLK" at SoundMixer.v(21) has no driver File: /home/i272655/Dokumenty/SoundMixer/SoundMixer.v Line: 21
Warning (13039): The following bidirectional pins have no drivers
    Warning (13040): bidirectional pin "AUD_ADCLRCK" has no driver File: /home/i272655/Dokumenty/SoundMixer/SoundMixer.v Line: 8
    Warning (13040): bidirectional pin "AUD_BCLK" has no driver File: /home/i272655/Dokumenty/SoundMixer/SoundMixer.v Line: 9
    Warning (13040): bidirectional pin "AUD_DACLRCK" has no driver File: /home/i272655/Dokumenty/SoundMixer/SoundMixer.v Line: 11
    Warning (13040): bidirectional pin "FPGA_I2C_SDAT" has no driver File: /home/i272655/Dokumenty/SoundMixer/SoundMixer.v Line: 22
Warning (13024): Output pins are stuck at VCC or GND
    Warning (13410): Pin "AUD_DACDAT" is stuck at GND File: /home/i272655/Dokumenty/SoundMixer/SoundMixer.v Line: 10
    Warning (13410): Pin "AUD_XCK" is stuck at GND File: /home/i272655/Dokumenty/SoundMixer/SoundMixer.v Line: 12
    Warning (13410): Pin "FPGA_I2C_SCLK" is stuck at GND File: /home/i272655/Dokumenty/SoundMixer/SoundMixer.v Line: 21
    Warning (13410): Pin "HEX0[0]" is stuck at GND File: /home/i272655/Dokumenty/SoundMixer/SoundMixer.v Line: 25
    Warning (13410): Pin "HEX0[1]" is stuck at GND File: /home/i272655/Dokumenty/SoundMixer/SoundMixer.v Line: 25
    Warning (13410): Pin "HEX0[2]" is stuck at GND File: /home/i272655/Dokumenty/SoundMixer/SoundMixer.v Line: 25
    Warning (13410): Pin "HEX0[3]" is stuck at GND File: /home/i272655/Dokumenty/SoundMixer/SoundMixer.v Line: 25
    Warning (13410): Pin "HEX0[4]" is stuck at GND File: /home/i272655/Dokumenty/SoundMixer/SoundMixer.v Line: 25
    Warning (13410): Pin "HEX0[5]" is stuck at GND File: /home/i272655/Dokumenty/SoundMixer/SoundMixer.v Line: 25
    Warning (13410): Pin "HEX0[6]" is stuck at GND File: /home/i272655/Dokumenty/SoundMixer/SoundMixer.v Line: 25
    Warning (13410): Pin "HEX1[0]" is stuck at GND File: /home/i272655/Dokumenty/SoundMixer/SoundMixer.v Line: 26
    Warning (13410): Pin "HEX1[1]" is stuck at GND File: /home/i272655/Dokumenty/SoundMixer/SoundMixer.v Line: 26
    Warning (13410): Pin "HEX1[2]" is stuck at GND File: /home/i272655/Dokumenty/SoundMixer/SoundMixer.v Line: 26
    Warning (13410): Pin "HEX1[3]" is stuck at GND File: /home/i272655/Dokumenty/SoundMixer/SoundMixer.v Line: 26
    Warning (13410): Pin "HEX1[4]" is stuck at GND File: /home/i272655/Dokumenty/SoundMixer/SoundMixer.v Line: 26
    Warning (13410): Pin "HEX1[5]" is stuck at GND File: /home/i272655/Dokumenty/SoundMixer/SoundMixer.v Line: 26
    Warning (13410): Pin "HEX1[6]" is stuck at GND File: /home/i272655/Dokumenty/SoundMixer/SoundMixer.v Line: 26
    Warning (13410): Pin "HEX2[0]" is stuck at GND File: /home/i272655/Dokumenty/SoundMixer/SoundMixer.v Line: 27
    Warning (13410): Pin "HEX2[1]" is stuck at GND File: /home/i272655/Dokumenty/SoundMixer/SoundMixer.v Line: 27
    Warning (13410): Pin "HEX2[2]" is stuck at GND File: /home/i272655/Dokumenty/SoundMixer/SoundMixer.v Line: 27
    Warning (13410): Pin "HEX2[3]" is stuck at GND File: /home/i272655/Dokumenty/SoundMixer/SoundMixer.v Line: 27
    Warning (13410): Pin "HEX2[4]" is stuck at GND File: /home/i272655/Dokumenty/SoundMixer/SoundMixer.v Line: 27
    Warning (13410): Pin "HEX2[5]" is stuck at GND File: /home/i272655/Dokumenty/SoundMixer/SoundMixer.v Line: 27
    Warning (13410): Pin "HEX2[6]" is stuck at GND File: /home/i272655/Dokumenty/SoundMixer/SoundMixer.v Line: 27
    Warning (13410): Pin "HEX3[0]" is stuck at GND File: /home/i272655/Dokumenty/SoundMixer/SoundMixer.v Line: 28
    Warning (13410): Pin "HEX3[1]" is stuck at GND File: /home/i272655/Dokumenty/SoundMixer/SoundMixer.v Line: 28
    Warning (13410): Pin "HEX3[2]" is stuck at GND File: /home/i272655/Dokumenty/SoundMixer/SoundMixer.v Line: 28
    Warning (13410): Pin "HEX3[3]" is stuck at GND File: /home/i272655/Dokumenty/SoundMixer/SoundMixer.v Line: 28
    Warning (13410): Pin "HEX3[4]" is stuck at GND File: /home/i272655/Dokumenty/SoundMixer/SoundMixer.v Line: 28
    Warning (13410): Pin "HEX3[5]" is stuck at GND File: /home/i272655/Dokumenty/SoundMixer/SoundMixer.v Line: 28
    Warning (13410): Pin "HEX3[6]" is stuck at GND File: /home/i272655/Dokumenty/SoundMixer/SoundMixer.v Line: 28
    Warning (13410): Pin "HEX4[0]" is stuck at GND File: /home/i272655/Dokumenty/SoundMixer/SoundMixer.v Line: 29
    Warning (13410): Pin "HEX4[1]" is stuck at GND File: /home/i272655/Dokumenty/SoundMixer/SoundMixer.v Line: 29
    Warning (13410): Pin "HEX4[2]" is stuck at GND File: /home/i272655/Dokumenty/SoundMixer/SoundMixer.v Line: 29
    Warning (13410): Pin "HEX4[3]" is stuck at GND File: /home/i272655/Dokumenty/SoundMixer/SoundMixer.v Line: 29
    Warning (13410): Pin "HEX4[4]" is stuck at GND File: /home/i272655/Dokumenty/SoundMixer/SoundMixer.v Line: 29
    Warning (13410): Pin "HEX4[5]" is stuck at GND File: /home/i272655/Dokumenty/SoundMixer/SoundMixer.v Line: 29
    Warning (13410): Pin "HEX4[6]" is stuck at GND File: /home/i272655/Dokumenty/SoundMixer/SoundMixer.v Line: 29
    Warning (13410): Pin "HEX5[0]" is stuck at GND File: /home/i272655/Dokumenty/SoundMixer/SoundMixer.v Line: 30
    Warning (13410): Pin "HEX5[1]" is stuck at GND File: /home/i272655/Dokumenty/SoundMixer/SoundMixer.v Line: 30
    Warning (13410): Pin "HEX5[2]" is stuck at GND File: /home/i272655/Dokumenty/SoundMixer/SoundMixer.v Line: 30
    Warning (13410): Pin "HEX5[3]" is stuck at GND File: /home/i272655/Dokumenty/SoundMixer/SoundMixer.v Line: 30
    Warning (13410): Pin "HEX5[4]" is stuck at GND File: /home/i272655/Dokumenty/SoundMixer/SoundMixer.v Line: 30
    Warning (13410): Pin "HEX5[5]" is stuck at GND File: /home/i272655/Dokumenty/SoundMixer/SoundMixer.v Line: 30
    Warning (13410): Pin "HEX5[6]" is stuck at GND File: /home/i272655/Dokumenty/SoundMixer/SoundMixer.v Line: 30
    Warning (13410): Pin "LEDR[0]" is stuck at GND File: /home/i272655/Dokumenty/SoundMixer/SoundMixer.v Line: 36
    Warning (13410): Pin "LEDR[1]" is stuck at GND File: /home/i272655/Dokumenty/SoundMixer/SoundMixer.v Line: 36
    Warning (13410): Pin "LEDR[2]" is stuck at GND File: /home/i272655/Dokumenty/SoundMixer/SoundMixer.v Line: 36
    Warning (13410): Pin "LEDR[3]" is stuck at GND File: /home/i272655/Dokumenty/SoundMixer/SoundMixer.v Line: 36
    Warning (13410): Pin "LEDR[4]" is stuck at GND File: /home/i272655/Dokumenty/SoundMixer/SoundMixer.v Line: 36
    Warning (13410): Pin "LEDR[5]" is stuck at GND File: /home/i272655/Dokumenty/SoundMixer/SoundMixer.v Line: 36
    Warning (13410): Pin "LEDR[6]" is stuck at GND File: /home/i272655/Dokumenty/SoundMixer/SoundMixer.v Line: 36
    Warning (13410): Pin "LEDR[7]" is stuck at GND File: /home/i272655/Dokumenty/SoundMixer/SoundMixer.v Line: 36
    Warning (13410): Pin "LEDR[8]" is stuck at GND File: /home/i272655/Dokumenty/SoundMixer/SoundMixer.v Line: 36
    Warning (13410): Pin "LEDR[9]" is stuck at GND File: /home/i272655/Dokumenty/SoundMixer/SoundMixer.v Line: 36
Warning (20013): Ignored 12 assignments for entity "altera_avalon_packets_to_master" -- entity does not exist in design
Warning (20013): Ignored 23 assignments for entity "altera_avalon_sc_fifo" -- entity does not exist in design
Warning (20013): Ignored 12 assignments for entity "altera_avalon_st_bytes_to_packets" -- entity does not exist in design
Warning (20013): Ignored 18 assignments for entity "altera_avalon_st_jtag_interface" -- entity does not exist in design
Warning (20013): Ignored 12 assignments for entity "altera_avalon_st_packets_to_bytes" -- entity does not exist in design
Warning (20013): Ignored 55 assignments for entity "altera_merlin_master_translator" -- entity does not exist in design
Warning (20013): Ignored 68 assignments for entity "altera_merlin_slave_translator" -- entity does not exist in design
Warning (20013): Ignored 35 assignments for entity "altera_reset_controller" -- entity does not exist in design
Warning (20013): Ignored 19 assignments for entity "mixer" -- entity does not exist in design
Warning (20013): Ignored 317 assignments for entity "mixer_audio_pll_0_audio_pll" -- entity does not exist in design
Warning (20013): Ignored 16 assignments for entity "mixer_master_0" -- entity does not exist in design
Warning (20013): Ignored 21 assignments for entity "mixer_master_0_b2p_adapter" -- entity does not exist in design
Warning (20013): Ignored 21 assignments for entity "mixer_master_0_p2b_adapter" -- entity does not exist in design
Warning (20013): Ignored 21 assignments for entity "mixer_master_0_timing_adt" -- entity does not exist in design
Warning (20013): Ignored 12 assignments for entity "mixer_mm_interconnect_0" -- entity does not exist in design
Info (16010): Generating hard_block partition "hard_block:auto_generated_inst"
    Info (16011): Adding 0 node(s), including 0 DDIO, 0 PLL, 0 transceiver and 0 LCELL
Warning (21074): Design contains 19 input pin(s) that do not drive logic
    Warning (15610): No output dependent on input pin "AUD_ADCDAT" File: /home/i272655/Dokumenty/SoundMixer/SoundMixer.v Line: 7
    Warning (15610): No output dependent on input pin "CLOCK2_50" File: /home/i272655/Dokumenty/SoundMixer/SoundMixer.v Line: 15
    Warning (15610): No output dependent on input pin "CLOCK3_50" File: /home/i272655/Dokumenty/SoundMixer/SoundMixer.v Line: 16
    Warning (15610): No output dependent on input pin "CLOCK4_50" File: /home/i272655/Dokumenty/SoundMixer/SoundMixer.v Line: 17
    Warning (15610): No output dependent on input pin "CLOCK_50" File: /home/i272655/Dokumenty/SoundMixer/SoundMixer.v Line: 18
    Warning (15610): No output dependent on input pin "KEY[0]" File: /home/i272655/Dokumenty/SoundMixer/SoundMixer.v Line: 33
    Warning (15610): No output dependent on input pin "KEY[1]" File: /home/i272655/Dokumenty/SoundMixer/SoundMixer.v Line: 33
    Warning (15610): No output dependent on input pin "KEY[2]" File: /home/i272655/Dokumenty/SoundMixer/SoundMixer.v Line: 33
    Warning (15610): No output dependent on input pin "KEY[3]" File: /home/i272655/Dokumenty/SoundMixer/SoundMixer.v Line: 33
    Warning (15610): No output dependent on input pin "SW[0]" File: /home/i272655/Dokumenty/SoundMixer/SoundMixer.v Line: 40
    Warning (15610): No output dependent on input pin "SW[1]" File: /home/i272655/Dokumenty/SoundMixer/SoundMixer.v Line: 40
    Warning (15610): No output dependent on input pin "SW[2]" File: /home/i272655/Dokumenty/SoundMixer/SoundMixer.v Line: 40
    Warning (15610): No output dependent on input pin "SW[3]" File: /home/i272655/Dokumenty/SoundMixer/SoundMixer.v Line: 40
    Warning (15610): No output dependent on input pin "SW[4]" File: /home/i272655/Dokumenty/SoundMixer/SoundMixer.v Line: 40
    Warning (15610): No output dependent on input pin "SW[5]" File: /home/i272655/Dokumenty/SoundMixer/SoundMixer.v Line: 40
    Warning (15610): No output dependent on input pin "SW[6]" File: /home/i272655/Dokumenty/SoundMixer/SoundMixer.v Line: 40
    Warning (15610): No output dependent on input pin "SW[7]" File: /home/i272655/Dokumenty/SoundMixer/SoundMixer.v Line: 40
    Warning (15610): No output dependent on input pin "SW[8]" File: /home/i272655/Dokumenty/SoundMixer/SoundMixer.v Line: 40
    Warning (15610): No output dependent on input pin "SW[9]" File: /home/i272655/Dokumenty/SoundMixer/SoundMixer.v Line: 40
Info (21057): Implemented 78 device resources after synthesis - the final resource count might be different
    Info (21058): Implemented 19 input pins
    Info (21059): Implemented 55 output pins
    Info (21060): Implemented 4 bidirectional pins
Info: Quartus Prime Analysis & Synthesis was successful. 0 errors, 109 warnings
    Info: Peak virtual memory: 1001 megabytes
    Info: Processing ended: Mon Jan  8 11:51:52 2018
    Info: Elapsed time: 00:00:35
    Info: Total CPU time (on all processors): 00:01:24


